tests/scripts/dgx_run.py: OK
tests/scripts/utilities/dgx_log_analysis.py: OK
tests/scripts/utilities/dgx_retimer_utility.py: OK
tests/scripts/utilities/dgx_chipsdb.py: OK
tests/scripts/utilities/dgx_fpgareg_utility.py: OK
tests/scripts/utilities/dgx_nvlit_utility.py: OK
tests/scripts/utilities/dgx_mse_utility.py: OK
tests/scripts/utilities/dgx_dimm_utility.py: OK
tests/scripts/utilities/dgx_skucheck_utilities.py: OK
tests/scripts/utilities/dgx_tdm_utility.py: OK
tests/scripts/utilities/dgx_tegra_codenames.py: OK
tests/scripts/utilities/dgx_nvue_cli.py: OK
tests/scripts/utilities/dgx_diag_thresholds_utility.py: OK
tests/scripts/utilities/dgx_libevent_utility.py: OK
tests/scripts/utilities/io/dgx_nvl_ec_processor.py: OK
tests/scripts/utilities/io/dgx_nvlink_utility.py: OK
tests/scripts/utilities/io/dgx_nvl_ec_types.py: OK
tests/scripts/utilities/io/dgx_nvswitch_common.py: OK
tests/scripts/utilities/io/__init__.py: OK
tests/scripts/utilities/io/dgx_pcie_utility.py: OK
tests/scripts/utilities/io/dgx_nvl_outlier_detector.py: OK
tests/scripts/utilities/dgx_bg_logger_gpu_retimer.py: OK
tests/scripts/utilities/__init__.py: OK
tests/scripts/utilities/dgx_chkoccurrences_testargs_schema.py: OK
tests/scripts/utilities/dgx_utility.py: OK
tests/scripts/utilities/dgx_thermal_html_generator.py: OK
tests/scripts/utilities/dgx_mla_utility.py: OK
tests/scripts/utilities/bmc/dgx_bmc_oem_dgx2.py: OK
tests/scripts/utilities/bmc/dgx_bmc.py: OK
tests/scripts/utilities/bmc/dgx_bmc_redfish.py: OK
tests/scripts/utilities/bmc/__init__.py: OK
tests/scripts/utilities/bmc/dgx_bmc_oem_deltanext.py: OK
tests/scripts/utilities/bmc/dgx_bmcutil_datalogger.py: OK
tests/scripts/utilities/bmc/dgx_bmcutil_main.py: OK
tests/scripts/utilities/bmc/dgx_fan_utility.py: OK
tests/scripts/utilities/bmc/dgx_bmc_oem_luna.py: OK
tests/scripts/utilities/bmc/dgx_bmc_oem_dgx2_bb.py: OK
tests/scripts/utilities/bmc/dgx_bmc_oem_hgx2testernext.py: OK
tests/scripts/utilities/bmc/dgx_bmcutil_mlelogger.py: OK
tests/scripts/utilities/bmc/dgx_bmc_oem_vulcannext.py: OK
tests/scripts/utilities/bmc/dgx_bmcutil_utilities.py: OK
tests/scripts/utilities/bmc/dgx_bmcutil_exceptions.py: OK
tests/scripts/utilities/bmc/dgx_bmc_oem_vulcannextb300a.py: OK
tests/scripts/utilities/bmc/dgx_bmc_sensor_thresholds.py: OK
tests/scripts/utilities/dgx_bg_logger.py: OK
tests/scripts/utilities/dgx_inforom_utility.py: OK
tests/scripts/utilities/dgx_tegra_utility.py: OK
tests/scripts/utilities/dgx_paramiko_utility.py: OK
tests/scripts/utilities/dgx_os_utility.py: OK
tests/scripts/utilities/dgx_testspec_validation.py: OK
tests/scripts/utilities/dgx_chkoccurrences_utility.py: OK
tests/scripts/utilities/dgx_ib_common.py: OK
tests/scripts/utilities/dgx_spe_utility.py: OK
tests/scripts/utilities/dgx_repair_utility.py: OK
tests/scripts/utilities/dgx_decorators.py: OK
tests/scripts/utilities/dgx_dra_utility.py: OK
tests/scripts/systemhal/dgx_system_benthos.py: OK
tests/scripts/systemhal/dgx_system_dgxh100_next.py: OK
tests/scripts/systemhal/dgx_system_generic.py: OK
tests/scripts/systemhal/dgx_system_nero_bw.py: OK
tests/scripts/systemhal/dgx_system_galaxy.py: OK
tests/scripts/systemhal/dgx_system_bladerunner3.py: OK
tests/scripts/systemhal/dgx_system_mercury.py: OK
tests/scripts/systemhal/dgx_system_bladerunner2.py: OK
tests/scripts/systemhal/dgx_system_vulcan_next.py: OK
tests/scripts/systemhal/dgx_system_cordelia.py: OK
tests/scripts/systemhal/dgx_system_zabawa.py: OK
tests/scripts/systemhal/dgx_system_bianca_gb110.py: OK
tests/scripts/systemhal/dgx_system_mab.py: OK
tests/scripts/systemhal/dgx_system_zhora.py: OK
tests/scripts/systemhal/dgx_system.py: OK
tests/scripts/systemhal/dgx_system_skinny_joe.py: OK
tests/scripts/systemhal/dgx_system_keystone.py: OK
tests/scripts/systemhal/dgx_system_planck.py: OK
tests/scripts/systemhal/dgx_system_bladerunner.py: OK
tests/scripts/systemhal/dgx_system_axion.py: OK
tests/scripts/systemhal/dgx_system_sgxa100.py: OK
tests/scripts/systemhal/dgx_system_nvl4.py: OK
tests/scripts/systemhal/dgx_system_bianca.py: OK
tests/scripts/systemhal/dgx_system_falcon.py: OK
tests/scripts/systemhal/dgx_system_oberon_gb.py: OK
tests/scripts/systemhal/dgx_system_dgxa100_next_dp.py: OK
tests/scripts/systemhal/dgx_system_oberon.py: OK
tests/scripts/systemhal/dgx_system_custom_command.py: OK
tests/scripts/systemhal/dgx_system_ut2_1.py: OK
tests/scripts/systemhal/dgx_system_spectrum.py: OK
tests/scripts/systemhal/dgx_system_oberon_gb110.py: OK
tests/scripts/systemhal/dgx_system_alon.py: OK
tests/scripts/systemhal/dgx_system_dgx.py: OK
tests/scripts/systemhal/__init__.py: OK
tests/scripts/systemhal/dgx_system_royb.py: OK
tests/scripts/systemhal/dgx_system_gora.py: OK
tests/scripts/systemhal/dgx_system_nero.py: OK
tests/scripts/systemhal/dgx_system_vulcan_next_b300a.py: OK
tests/scripts/systemhal/dgx_system_delta_next.py: OK
tests/scripts/systemhal/dgx_system_titania_gb.py: OK
tests/scripts/systemhal/dgx_system_aja.py: OK
tests/scripts/systemhal/dgx_system_lego_c2.py: OK
tests/scripts/systemhal/dgx_system_juliet_ferdinand.py: OK
tests/scripts/systemhal/dgx_system_dgxh100_next_b300.py: OK
tests/scripts/systemhal/dgx_system_cgx.py: OK
tests/scripts/systemhal/dgx_system_goldstone_next.py: OK
tests/scripts/systemhal/dgx_system_titania_gb110.py: OK
tests/scripts/systemhal/dgx_system_hgx2_tester_next.py: OK
tests/scripts/systemhal/dgx_system_hgx2.py: OK
tests/scripts/systemhal/dgx_system_dgxa100_next.py: OK
tests/scripts/systemhal/dgx_system_common.py: OK
tests/scripts/systemhal/dgx_system_cordelia_gb.py: OK
tests/scripts/systemhal/dgx_system_merlin.py: OK
tests/scripts/systemhal/dgx_system_redstone_next.py: OK
tests/scripts/systemhal/dgx_system_ranger.py: OK
tests/scripts/systemhal/dgx_system_starship.py: OK
tests/scripts/systemhal/dgx_system_lunadp.py: OK
tests/scripts/systemhal/dgx_system_freysa.py: OK
tests/scripts/system_mle/mle.py: OK
tests/scripts/system_mle/__init__.py: OK
tests/scripts/core/dgx_mods_tests.py: OK
tests/scripts/core/dgx_types.py: OK
tests/scripts/core/multinode/dgx_gdm_client.py: OK
tests/scripts/core/multinode/dgx_heartbeat.py: OK
tests/scripts/core/multinode/dgx_gdm_config.py: OK
tests/scripts/core/multinode/gdm_pb2.py: OK
tests/scripts/core/multinode/__init__.py: OK
tests/scripts/core/multinode/dgx_node.py: OK
tests/scripts/core/multinode/dgx_switchtelemetry.py: OK
tests/scripts/core/multinode/dgx_cluster.py: OK
tests/scripts/core/multinode/dgx_argparse.py: OK
tests/scripts/core/dgx_gpu_common.py: OK
tests/scripts/core/dgx_fielddiag_common.py: OK
tests/scripts/core/dgx_common.py: OK
tests/scripts/core/dgx_tegra_common.py: OK
tests/scripts/core/dgx_curl.py: OK
tests/scripts/core/dgx_banner.py: OK
tests/scripts/core/dgx_unified_json.py: OK
tests/scripts/core/dgx_product.py: OK
tests/scripts/core/dgx_test_category.py: OK
tests/scripts/core/__init__.py: OK
tests/scripts/core/dgx_logging.py: OK
tests/scripts/core/dgx_eud_common.py: OK
tests/scripts/core/dgx_hasbug.py: OK
tests/scripts/core/dgx_dcdiagtest.py: OK
tests/scripts/core/dgx_errorcodes.py: OK
tests/scripts/core/dgx_texr.py: OK
tests/scripts/core/dgx_tracer.py: OK
tests/scripts/core/bglogger/monitors/dgx_bgmonitor_example.py: OK
tests/scripts/core/bglogger/monitors/dgx_bgmon_i2c.py: OK
tests/scripts/core/bglogger/monitors/dgx_bgmon_cx7.py: OK
tests/scripts/core/bglogger/dgx_bglogger_mle.py: OK
tests/scripts/core/bglogger/dgx_bgmonitor.py: OK
tests/scripts/core/bglogger/dgx_bglogger.py: OK
tests/scripts/core/dgx_mods_errors.py: OK
tests/scripts/core/dgx_test_status_logger.py: OK
tests/scripts/core/dgx_error_code_processor.py: OK
tests/scripts/core/dgx_nbu_common.py: OK
tests/scripts/core/dra/dgx_dra.py: OK
tests/scripts/core/dra/__init__.py: OK
tests/scripts/core/dra/messages_pb2.py: OK
tests/scripts/core/dgx_osm.py: OK
tests/scripts/core/dgx_ocp.py: OK
tests/scripts/core/dgx_mods_error_code_processor.py: OK
tests/scripts/tests/dgx_perf.py: OK
tests/scripts/tests/dgx_video.py: OK
tests/scripts/tests/dgx_thermalres.py: OK
tests/scripts/tests/dgx_repair.py: OK
tests/scripts/tests/dgx_skucheck_main.py: OK
tests/scripts/tests/dgx_nvoshealthcheck.py: OK
tests/scripts/tests/dgx_ssdhealthcheck.py: OK
tests/scripts/tests/dgx_cudacores.py: OK
tests/scripts/tests/dgx_ist.py: OK
tests/scripts/tests/dgx_checkinforom.py: OK
tests/scripts/tests/dgx_thermal.py: OK
tests/scripts/tests/dgx_skucheck.py: OK
tests/scripts/tests/dgx_custom.py: OK
tests/scripts/tests/dgx_dimmecc.py: OK
tests/scripts/tests/dgx_gpustress.py: OK
tests/scripts/tests/dgx_idle.py: OK
tests/scripts/tests/io/dgx_ibstressmad.py: OK
tests/scripts/tests/io/dgx_mopir.py: OK
tests/scripts/tests/io/dgx_cxeyegrade.py: OK
tests/scripts/tests/io/dgx_connectivity.py: OK
tests/scripts/tests/io/dgx_ibstress.py: OK
tests/scripts/tests/io/dgx_aer.py: OK
tests/scripts/tests/io/dgx_cx_pcievalidator.py: OK
tests/scripts/tests/io/dgx_ibmodechange.py: OK
tests/scripts/tests/io/dgx_network_enum.py: OK
tests/scripts/tests/io/__init__.py: OK
tests/scripts/tests/io/dgx_nvlink.py: OK
tests/scripts/tests/io/dgx_nvswitch.py: OK
tests/scripts/tests/io/dgx_c2c.py: OK
tests/scripts/tests/io/dgx_pcie.py: OK
tests/scripts/tests/io/dgx_pcieproperties.py: OK
tests/scripts/tests/io/dgx_theta.py: OK
tests/scripts/tests/io/dgx_cable_cartridge.py: OK
tests/scripts/tests/__init__.py: OK
tests/scripts/tests/nbu/dgx_dpudiag.py: OK
tests/scripts/tests/nbu/cx8/__init__.py: OK
tests/scripts/tests/nbu/__init__.py: OK
tests/scripts/tests/nbu/ib/__init__.py: OK
tests/scripts/tests/dgx_skucheck_datalogger.py: OK
tests/scripts/tests/dgx_gpu_fieldiag.py: OK
tests/scripts/tests/dgx_inforom.py: OK
tests/scripts/tests/dgx_power.py: OK
tests/scripts/tests/dgx_custommods.py: OK
tests/scripts/tests/bmc/__init__.py: OK
tests/scripts/tests/bmc/dgx_fan.py: OK
tests/scripts/tests/dgx_gpumemeccstress.py: OK
tests/scripts/tests/tegra/dgx_tegra_cpu.py: OK
tests/scripts/tests/tegra/dgx_tegra_pcie.py: OK
tests/scripts/tests/tegra/__init__.py: OK
tests/scripts/tests/tegra/dgx_tegra_clink.py: OK
tests/scripts/tests/tegra/dgx_tegra_c2c.py: OK
tests/scripts/tests/tegra/dgx_tegra_memory.py: OK
tests/scripts/tests/dgx_nbusensorcheck.py: OK
tests/scripts/tests/dgx_gpumem.py: OK
tests/scripts/tests/dgx_bglogger_control.py: OK
tests/scripts/tests/dgx_cpustress.py: OK
tests/scripts/tests/dgx_nvosphyslinkcheck.py: OK
tests/scripts/tests/dgx_skucheck_exceptions.py: OK
tests/scripts/tests/dgx_ssd.py: OK
tests/scripts/tests/dgx_skucheck_functionhandlers.py: OK
tests/scripts/tests/dgx_chkoccurrences.py: OK
tests/scripts/tests/dgx_powersync.py: OK
tests/scripts/tests/dgx_nvdriver.py: OK
tests/scripts/tests/dgx_telemetry.py: OK
tests/scripts/tests/dgx_gpuperfswitch.py: OK
tests/scripts/tests/dgx_inventory.py: OK
tests/clink-ioctl-driver/t241-clink.h: OK
tests/clink-ioctl-driver/Makefile: OK
tests/clink-ioctl-driver/t241-clink-ioctl.c: OK
tests/clink-ioctl-driver/hash: OK
tests/clink-ioctl-driver/t241-clink-ioctl.h: OK
tests/clink-ioctl-driver/t241-clink-hw.h: OK
tests/driver/README: OK
tests/driver/COPYING: OK
tests/driver/Makefile: OK
tests/driver/mods_debugfs.c: OK
tests/driver/mods_pci.c: OK
tests/driver/mods_internal.h: OK
tests/driver/mods_acpi.c: OK
tests/driver/mods_config.h: OK
tests/driver/hash: OK
tests/driver/mods_mem.c: OK
tests/driver/mods_krnl.c: OK
tests/driver/mods_arm_ffa.c: OK
tests/driver/mods_bpmpipc.c: OK
tests/driver/mods.h: OK
tests/driver/mods_irq.c: OK
tests/mods.500/LICENSE_nvcpertool: OK
tests/mods.500/stress-ng: OK
tests/mods.500/debug_log.py: OK
tests/mods.500/nvcpertool_wrap.py: OK
tests/mods.500/__main__.py: OK
tests/mods.500/rules.json: OK
tests/mods.500/stressapptest: OK
tests/mods.500/mode.bin: OK
tests/mods.500/nvcpertool.py: OK
tests/mods.500/__init__.py: OK
tests/mods.500/analytics.py: OK
tests/mods.500/diag_engine.py: OK
tests/mods.500/clink-ioctl-driver.tgz: OK
tests/mods.500/record_utils.py: OK
tests/mods.500/signature.py: OK
tests/mods.500/fieldiag: OK
tests/mods.500/README.md: OK
tests/mods.500/cper-collect: OK
tests/mods.500/rules.py: OK
tests/mods.575/libmultinode_transport.so: OK
tests/mods.575/cvb_ist_gb110_0.yme: OK
tests/mods.575/pg520sku202_nvspec.jsone: OK
tests/mods.575/pg520sku280_nvspec.jsone: OK
tests/mods.575/cask_sm120.bin: OK
tests/mods.575/cask_sm103.bin: OK
tests/mods.575/p1010sku205_nvspec.jsone: OK
tests/mods.575/pg520sku266_nvspecs.jsone: OK
tests/mods.575/version_checker: OK
tests/mods.575/pg520sku235_nvspec.jsone: OK
tests/mods.575/pg133sku266_nvspec.jsone: OK
tests/mods.575/dgxfielddiag.spe: OK
tests/mods.575/pg520sku282_nvspec.jsone: OK
tests/mods.575/gpu_fd.spe: OK
tests/mods.575/pg520sku292_nvspec.jsone: OK
tests/mods.575/mods_dla_stress_test_fbuf: OK
tests/mods.575/libssl.so.3: OK
tests/mods.575/pg520sku200_nvspec.jsone: OK
tests/mods.575/cask_sm121.bin: OK
tests/mods.575/mode.bin: OK
tests/mods.575/libstdc++.so.6: OK
tests/mods.575/p1010sku210_nvspec.jsone: OK
tests/mods.575/gpu_diag.spe: OK
tests/mods.575/gb1xx_ist_fs_encoding.jsone: OK
tests/mods.575/check_config.sh: OK
tests/mods.575/default.bin: OK
tests/mods.575/gdm_config.json: OK
tests/mods.575/cask_sm100.bin: OK
tests/mods.575/pg530sku206_nvspec.jsone: OK
tests/mods.575/pg520sku221_nvspec.jsone: OK
tests/mods.575/multifieldiag.sh: OK
tests/mods.575/pg520sku213_nvspec.jsone: OK
tests/mods.575/cuda.bin: OK
tests/mods.575/pg520sku236_nvspec.jsone: OK
tests/mods.575/nvlinktopofiles.bin: OK
tests/mods.575/fieldiag: OK
tests/mods.575/p1010sku215_nvspec.jsone: OK
tests/mods.575/p1010sku200_nvspec.jsone: OK
tests/mods.575/driver.tgz: OK
tests/mods.575/libcrypto.so.3: OK
tests/mods.575/pg520sku207_nvspec.jsone: OK
tests/mods.575/check_config.spe: OK
tests/mods.575/gdm: OK
tests/mods.575/pg530sku215_nvspec.jsone: OK
tests/mods.575/pg520sku238_nvspec.jsone: OK
tests/mods.575/pg520sku205_nvspec.jsone: OK
tests/mods.575/repair.spe: OK
tests/mods.575/mods_dla_noop_test_fbuf: OK
tests/mods.575/pg520sku237_nvspec.jsone: OK
tests/mods.575/centralized_thresholds.jsone: OK
tests/mods.575/ist.spe: OK
tests/mods.575/pg520sku228_nvspec.jsone: OK
tests/mods.575/pg530sku204_nvspec.jsone: OK
tests/mods.575/dra/libmultinode_transport.so: OK
tests/mods.575/dra/libstdc++.so.6.0.30: OK
tests/mods.575/dra/libssl.so.3: OK
tests/mods.575/dra/libstdc++.so.6: OK
tests/mods.575/dra/libcrypto.so.3: OK
tests/mods.575/dra/dra: OK
tests/mods.575/pg530sku200_nvspec.jsone: OK
tests/mods.575/pg530sku203_nvspec.jsone: OK
tests/mods.575/install_module.sh: OK
tests/mods.575/nvlinktopofiles.onediag.bin: OK
